------------------------------------------------------------
Timing Analyzer Summary
------------------------------------------------------------

Type  : Slow 1200mV 85C Model Setup 'clk'
Slack : -1.953
TNS   : -21.559

Type  : Slow 1200mV 85C Model Hold 'clk'
Slack : 0.580
TNS   : 0.000

Type  : Slow 1200mV 85C Model Recovery 'clk'
Slack : -1.212
TNS   : -17.764

Type  : Slow 1200mV 85C Model Removal 'clk'
Slack : 1.590
TNS   : 0.000

Type  : Slow 1200mV 85C Model Minimum Pulse Width 'clk'
Slack : -3.000
TNS   : -32.463

Type  : Slow 1200mV 0C Model Setup 'clk'
Slack : -1.712
TNS   : -18.657

Type  : Slow 1200mV 0C Model Hold 'clk'
Slack : 0.535
TNS   : 0.000

Type  : Slow 1200mV 0C Model Recovery 'clk'
Slack : -1.065
TNS   : -15.376

Type  : Slow 1200mV 0C Model Removal 'clk'
Slack : 1.484
TNS   : 0.000

Type  : Slow 1200mV 0C Model Minimum Pulse Width 'clk'
Slack : -3.000
TNS   : -32.463

Type  : Fast 1200mV 0C Model Setup 'clk'
Slack : -0.775
TNS   : -8.980

Type  : Fast 1200mV 0C Model Hold 'clk'
Slack : 0.215
TNS   : 0.000

Type  : Fast 1200mV 0C Model Recovery 'clk'
Slack : -0.584
TNS   : -8.564

Type  : Fast 1200mV 0C Model Removal 'clk'
Slack : 1.250
TNS   : 0.000

Type  : Fast 1200mV 0C Model Minimum Pulse Width 'clk'
Slack : -3.000
TNS   : -24.824

------------------------------------------------------------
