------------------------------------------------------------
Timing Analyzer Summary
------------------------------------------------------------

Type  : Slow 1200mV 85C Model Setup 'clk'
Slack : -1.970
TNS   : -21.843

Type  : Slow 1200mV 85C Model Hold 'clk'
Slack : 0.457
TNS   : 0.000

Type  : Slow 1200mV 85C Model Recovery 'clk'
Slack : -1.162
TNS   : -17.108

Type  : Slow 1200mV 85C Model Removal 'clk'
Slack : 1.281
TNS   : 0.000

Type  : Slow 1200mV 85C Model Minimum Pulse Width 'clk'
Slack : -3.000
TNS   : -32.463

Type  : Slow 1200mV 0C Model Setup 'clk'
Slack : -1.727
TNS   : -19.021

Type  : Slow 1200mV 0C Model Hold 'clk'
Slack : 0.419
TNS   : 0.000

Type  : Slow 1200mV 0C Model Recovery 'clk'
Slack : -1.027
TNS   : -14.910

Type  : Slow 1200mV 0C Model Removal 'clk'
Slack : 1.178
TNS   : 0.000

Type  : Slow 1200mV 0C Model Minimum Pulse Width 'clk'
Slack : -3.000
TNS   : -32.463

Type  : Fast 1200mV 0C Model Setup 'clk'
Slack : -0.780
TNS   : -9.505

Type  : Fast 1200mV 0C Model Hold 'clk'
Slack : 0.181
TNS   : 0.000

Type  : Fast 1200mV 0C Model Recovery 'clk'
Slack : -0.562
TNS   : -8.302

Type  : Fast 1200mV 0C Model Removal 'clk'
Slack : 1.113
TNS   : 0.000

Type  : Fast 1200mV 0C Model Minimum Pulse Width 'clk'
Slack : -3.000
TNS   : -24.888

------------------------------------------------------------
